Vivado Simulator v2024.2.0
Copyright 1986-2022 Xilinx, Inc. All Rights Reserved.
Copyright 2022-2024 Advanced Micro Devices, Inc. All Rights Reserved.
Running: D:/Xilinx/Vivado/2024.2/bin/unwrapped/win64.o/xelab.exe --incr --debug typical --relax --mt 2 -L xil_defaultlib -L uvm -L unisims_ver -L unimacro_ver -L secureip --snapshot top_tb_behav xil_defaultlib.top_tb xil_defaultlib.glbl -log elaborate.log 
Using 2 slave threads.
Starting static elaboration
Pass Through NonSizing Optimizer
WARNING: [VRFC 10-3091] actual bit length 32 differs from formal bit length 1 for port 'out_en' [C:/Users/gideo/Documents/Asm/SPRIND/hdl/sprind/sprind.srcs/sources_1/new/top.sv:39]
WARNING: [VRFC 10-3091] actual bit length 32 differs from formal bit length 16 for port 'displacement' [C:/Users/gideo/Documents/Asm/SPRIND/hdl/sprind/sprind.srcs/sources_1/new/top.sv:40]
WARNING: [VRFC 10-3091] actual bit length 32 differs from formal bit length 16 for port 'replacement' [C:/Users/gideo/Documents/Asm/SPRIND/hdl/sprind/sprind.srcs/sources_1/new/top.sv:41]
WARNING: [VRFC 10-3091] actual bit length 32 differs from formal bit length 1 for port 'mode_inc' [C:/Users/gideo/Documents/Asm/SPRIND/hdl/sprind/sprind.srcs/sources_1/new/top.sv:42]
WARNING: [VRFC 10-3091] actual bit length 32 differs from formal bit length 1 for port 'mode_replace' [C:/Users/gideo/Documents/Asm/SPRIND/hdl/sprind/sprind.srcs/sources_1/new/top.sv:43]
WARNING: [VRFC 10-3091] actual bit length 32 differs from formal bit length 1 for port 'mode_displace' [C:/Users/gideo/Documents/Asm/SPRIND/hdl/sprind/sprind.srcs/sources_1/new/top.sv:44]
Completed static elaboration
Starting simulation data flow analysis
WARNING: [XSIM 43-4099] "C:/Users/gideo/Documents/Asm/SPRIND/hdl/sprind/sprind.srcs/sources_1/new/reset.sv" Line 1. Module Reset doesn't have a timescale but at least one module in design has a timescale.
WARNING: [XSIM 43-4099] "C:/Users/gideo/Documents/Asm/SPRIND/hdl/sprind/sprind.srcs/sources_1/new/debounce.sv" Line 5. Module Debounce_default doesn't have a timescale but at least one module in design has a timescale.
WARNING: [XSIM 43-4099] "C:/Users/gideo/Documents/Asm/SPRIND/hdl/sprind/sprind.srcs/sources_1/new/clock.sv" Line 1. Module ClockModule doesn't have a timescale but at least one module in design has a timescale.
WARNING: [XSIM 43-4099] "C:/Users/gideo/Documents/Asm/SPRIND/hdl/sprind/sprind.srcs/sources_1/new/programcounter.sv" Line 1. Module ProgramCounter doesn't have a timescale but at least one module in design has a timescale.
WARNING: [XSIM 43-4099] "C:/Users/gideo/Documents/Asm/SPRIND/hdl/sprind/sprind.srcs/sources_1/new/quadhexdisplay.sv" Line 5. Module QuadHexDisplay_default doesn't have a timescale but at least one module in design has a timescale.
WARNING: [XSIM 43-4099] "C:/Users/gideo/Documents/Asm/SPRIND/hdl/sprind/sprind.srcs/sources_1/new/sevenseg.sv" Line 4. Module SevenSegDecoder doesn't have a timescale but at least one module in design has a timescale.
WARNING: [XSIM 43-4099] "C:/Users/gideo/Documents/Asm/SPRIND/hdl/sprind/sprind.srcs/sources_1/new/reset.sv" Line 1. Module Reset doesn't have a timescale but at least one module in design has a timescale.
WARNING: [XSIM 43-4099] "C:/Users/gideo/Documents/Asm/SPRIND/hdl/sprind/sprind.srcs/sources_1/new/debounce.sv" Line 5. Module Debounce_default doesn't have a timescale but at least one module in design has a timescale.
WARNING: [XSIM 43-4099] "C:/Users/gideo/Documents/Asm/SPRIND/hdl/sprind/sprind.srcs/sources_1/new/clock.sv" Line 1. Module ClockModule doesn't have a timescale but at least one module in design has a timescale.
WARNING: [XSIM 43-4099] "C:/Users/gideo/Documents/Asm/SPRIND/hdl/sprind/sprind.srcs/sources_1/new/programcounter.sv" Line 1. Module ProgramCounter doesn't have a timescale but at least one module in design has a timescale.
WARNING: [XSIM 43-4099] "C:/Users/gideo/Documents/Asm/SPRIND/hdl/sprind/sprind.srcs/sources_1/new/quadhexdisplay.sv" Line 5. Module QuadHexDisplay_default doesn't have a timescale but at least one module in design has a timescale.
WARNING: [XSIM 43-4099] "C:/Users/gideo/Documents/Asm/SPRIND/hdl/sprind/sprind.srcs/sources_1/new/sevenseg.sv" Line 4. Module SevenSegDecoder doesn't have a timescale but at least one module in design has a timescale.
Completed simulation data flow analysis
Time Resolution for simulation is 1ps
Compiling module xil_defaultlib.Reset
Compiling module xil_defaultlib.Debounce_default
Compiling module xil_defaultlib.ClockModule
Compiling module xil_defaultlib.ProgramCounter
Compiling module xil_defaultlib.SevenSegDecoder
Compiling module xil_defaultlib.QuadHexDisplay_default
Compiling module xil_defaultlib.top
Compiling module xil_defaultlib.top_tb
Compiling module xil_defaultlib.glbl
Built simulation snapshot top_tb_behav
