Time resolution is 1 ps
Stopped at time : 1005 ns : File "C:/Users/gideo/Documents/Asm/SPRIND/hdl/sprind/sprind.srcs/sim_1/new/top_tb.sv" Line 10
Stopped at time : 1005 ns : File "C:/Users/gideo/Documents/Asm/SPRIND/hdl/sprind/sprind.srcs/sim_1/new/top_tb.sv" Line 9
Stopped at time : 1005 ns : File "C:/Users/gideo/Documents/Asm/SPRIND/hdl/sprind/sprind.srcs/sim_1/new/top_tb.sv" Line 10
Stopped at time : 1005 ns : File "C:/Users/gideo/Documents/Asm/SPRIND/hdl/sprind/sprind.srcs/sources_1/new/clock.sv" Line 7
Stopped at time : 1010 ns : File "C:/Users/gideo/Documents/Asm/SPRIND/hdl/sprind/sprind.srcs/sim_1/new/top_tb.sv" Line 10
Stopped at time : 1010 ns : File "C:/Users/gideo/Documents/Asm/SPRIND/hdl/sprind/sprind.srcs/sim_1/new/top_tb.sv" Line 9
Stopped at time : 1010 ns : File "C:/Users/gideo/Documents/Asm/SPRIND/hdl/sprind/sprind.srcs/sim_1/new/top_tb.sv" Line 10
Stopped at time : 1010 ns : File "C:/Users/gideo/Documents/Asm/SPRIND/hdl/sprind/sprind.srcs/sources_1/new/clock.sv" Line 7
Stopped at time : 1010 ns : File "C:/Users/gideo/Documents/Asm/SPRIND/hdl/sprind/sprind.srcs/sources_1/new/reset.sv" Line 10
Stopped at time : 1010 ns : File "C:/Users/gideo/Documents/Asm/SPRIND/hdl/sprind/sprind.srcs/sources_1/new/reset.sv" Line 11
Stopped at time : 1010 ns : File "C:/Users/gideo/Documents/Asm/SPRIND/hdl/sprind/sprind.srcs/sources_1/new/reset.sv" Line 13
Stopped at time : 1010 ns : File "C:/Users/gideo/Documents/Asm/SPRIND/hdl/sprind/sprind.srcs/sources_1/new/reset.sv" Line 15
Stopped at time : 1010 ns : File "C:/Users/gideo/Documents/Asm/SPRIND/hdl/sprind/sprind.srcs/sources_1/new/reset.sv" Line 16
Stopped at time : 1010 ns : File "C:/Users/gideo/Documents/Asm/SPRIND/hdl/sprind/sprind.srcs/sources_1/new/reset.sv" Line 9
Stopped at time : 1010 ns : File "C:/Users/gideo/Documents/Asm/SPRIND/hdl/sprind/sprind.srcs/sources_1/new/debounce.sv" Line 26
Stopped at time : 1010 ns : File "C:/Users/gideo/Documents/Asm/SPRIND/hdl/sprind/sprind.srcs/sources_1/new/debounce.sv" Line 27
Stopped at time : 1010 ns : File "C:/Users/gideo/Documents/Asm/SPRIND/hdl/sprind/sprind.srcs/sources_1/new/debounce.sv" Line 28
Stopped at time : 1010 ns : File "C:/Users/gideo/Documents/Asm/SPRIND/hdl/sprind/sprind.srcs/sources_1/new/debounce.sv" Line 25
Stopped at time : 1010 ns : File "C:/Users/gideo/Documents/Asm/SPRIND/hdl/sprind/sprind.srcs/sources_1/new/debounce.sv" Line 37
Stopped at time : 1010 ns : File "C:/Users/gideo/Documents/Asm/SPRIND/hdl/sprind/sprind.srcs/sources_1/new/debounce.sv" Line 38
Stopped at time : 1010 ns : File "C:/Users/gideo/Documents/Asm/SPRIND/hdl/sprind/sprind.srcs/sources_1/new/debounce.sv" Line 39
Stopped at time : 1010 ns : File "C:/Users/gideo/Documents/Asm/SPRIND/hdl/sprind/sprind.srcs/sources_1/new/debounce.sv" Line 36
Stopped at time : 1010 ns : File "C:/Users/gideo/Documents/Asm/SPRIND/hdl/sprind/sprind.srcs/sources_1/new/debounce.sv" Line 53
Stopped at time : 1010 ns : File "C:/Users/gideo/Documents/Asm/SPRIND/hdl/sprind/sprind.srcs/sources_1/new/debounce.sv" Line 54
Stopped at time : 1010 ns : File "C:/Users/gideo/Documents/Asm/SPRIND/hdl/sprind/sprind.srcs/sources_1/new/debounce.sv" Line 55
Stopped at time : 1010 ns : File "C:/Users/gideo/Documents/Asm/SPRIND/hdl/sprind/sprind.srcs/sources_1/new/debounce.sv" Line 52
Stopped at time : 1010 ns : File "C:/Users/gideo/Documents/Asm/SPRIND/hdl/sprind/sprind.srcs/sources_1/new/quadhexdisplay.sv" Line 21
Stopped at time : 1010 ns : File "C:/Users/gideo/Documents/Asm/SPRIND/hdl/sprind/sprind.srcs/sources_1/new/quadhexdisplay.sv" Line 22
Stopped at time : 1010 ns : File "C:/Users/gideo/Documents/Asm/SPRIND/hdl/sprind/sprind.srcs/sources_1/new/quadhexdisplay.sv" Line 20
Stopped at time : 1010 ns : File "C:/Users/gideo/Documents/Asm/SPRIND/hdl/sprind/sprind.srcs/sources_1/new/programcounter.sv" Line 16
Stopped at time : 1010 ns : File "C:/Users/gideo/Documents/Asm/SPRIND/hdl/sprind/sprind.srcs/sources_1/new/programcounter.sv" Line 17
Stopped at time : 1010 ns : File "C:/Users/gideo/Documents/Asm/SPRIND/hdl/sprind/sprind.srcs/sources_1/new/programcounter.sv" Line 15
Stopped at time : 1015 ns : File "C:/Users/gideo/Documents/Asm/SPRIND/hdl/sprind/sprind.srcs/sim_1/new/top_tb.sv" Line 10
Stopped at time : 1015 ns : File "C:/Users/gideo/Documents/Asm/SPRIND/hdl/sprind/sprind.srcs/sim_1/new/top_tb.sv" Line 9
Stopped at time : 1015 ns : File "C:/Users/gideo/Documents/Asm/SPRIND/hdl/sprind/sprind.srcs/sim_1/new/top_tb.sv" Line 10
Stopped at time : 1015 ns : File "C:/Users/gideo/Documents/Asm/SPRIND/hdl/sprind/sprind.srcs/sources_1/new/clock.sv" Line 7
Stopped at time : 655360 ns : File "C:/Users/gideo/Documents/Asm/SPRIND/hdl/sprind/sprind.srcs/sim_1/new/top_tb.sv" Line 35
$finish called at time : 655380 ns : File "C:/Users/gideo/Documents/Asm/SPRIND/hdl/sprind/sprind.srcs/sim_1/new/top_tb.sv" Line 36
