Copyright 1986-2022 Xilinx, Inc. All Rights Reserved. Copyright 2022-2024 Advanced Micro Devices, Inc. All Rights Reserved.
---------------------------------------------------------------------------------------------------------------------------------------------
| Tool Version : Vivado v.2024.2 (win64) Build 5239630 Fri Nov 08 22:35:27 MST 2024
| Date         : Thu Dec 11 03:24:35 2025
| Host         : X270-GMK80JI running 64-bit major release  (build 9200)
| Command      : report_drc -file top_drc_opted.rpt -pb top_drc_opted.pb -rpx top_drc_opted.rpx
| Design       : top
| Device       : xc7a35tcpg236-1
| Speed File   : -1
| Design State : Synthesized
---------------------------------------------------------------------------------------------------------------------------------------------

Report DRC

Table of Contents
-----------------
1. REPORT SUMMARY
2. REPORT DETAILS

1. REPORT SUMMARY
-----------------
            Netlist: netlist
          Floorplan: design_1
      Design limits: <entire design considered>
           Ruledeck: default
             Max checks: <unlimited>
             Checks found: 1
+-------------+----------+-------------------------------------------------------------+--------+
| Rule        | Severity | Description                                                 | Checks |
+-------------+----------+-------------------------------------------------------------+--------+
| PLHOLDVIO-2 | Warning  | Non-Optimal connections which could lead to hold violations | 1      |
+-------------+----------+-------------------------------------------------------------+--------+

2. REPORT DETAILS
-----------------
PLHOLDVIO-2#1 Warning
Non-Optimal connections which could lead to hold violations  
A LUT db_step_inst/state[0]_i_2 is driving clock pin of 16 cells. This could lead to large hold time violations. Involved cells are:
program_counter_inst/state_reg[0], program_counter_inst/state_reg[10],
program_counter_inst/state_reg[11], program_counter_inst/state_reg[12],
program_counter_inst/state_reg[13], program_counter_inst/state_reg[14],
program_counter_inst/state_reg[15], program_counter_inst/state_reg[1],
program_counter_inst/state_reg[2], program_counter_inst/state_reg[3],
program_counter_inst/state_reg[4], program_counter_inst/state_reg[5],
program_counter_inst/state_reg[6], program_counter_inst/state_reg[7],
program_counter_inst/state_reg[8] (the first 15 of 16 listed)
Related violations: <none>


