Copyright 1986-2022 Xilinx, Inc. All Rights Reserved. Copyright 2022-2024 Advanced Micro Devices, Inc. All Rights Reserved.
---------------------------------------------------------------------------------------------------------------------------------------------
| Tool Version : Vivado v.2024.2 (win64) Build 5239630 Fri Nov 08 22:35:27 MST 2024
| Date         : Thu Dec 11 03:24:41 2025
| Host         : X270-GMK80JI running 64-bit major release  (build 9200)
| Command      : report_control_sets -verbose -file top_control_sets_placed.rpt
| Design       : top
| Device       : xc7a35t
---------------------------------------------------------------------------------------------------------------------------------------------

Control Set Information

Table of Contents
-----------------
1. Summary
2. Histogram
3. Flip-Flop Distribution
4. Detailed Control Set Information

1. Summary
----------

+----------------------------------------------------------+-------+
|                          Status                          | Count |
+----------------------------------------------------------+-------+
| Total control sets                                       |     6 |
|    Minimum number of control sets                        |     6 |
|    Addition due to synthesis replication                 |     0 |
|    Addition due to physical synthesis replication        |     0 |
| Unused register locations in slices containing registers |    19 |
+----------------------------------------------------------+-------+
* Control sets can be merged at opt_design using control_set_merge or merge_equivalent_drivers
** Run report_qor_suggestions for automated merging and remapping suggestions


2. Histogram
------------

+--------------------+-------+
|       Fanout       | Count |
+--------------------+-------+
| Total control sets |     6 |
| >= 0 to < 4        |     1 |
| >= 4 to < 6        |     0 |
| >= 6 to < 8        |     0 |
| >= 8 to < 10       |     1 |
| >= 10 to < 12      |     1 |
| >= 12 to < 14      |     0 |
| >= 14 to < 16      |     0 |
| >= 16              |     3 |
+--------------------+-------+
* Control sets can be remapped at either synth_design or opt_design


3. Flip-Flop Distribution
-------------------------

+--------------+-----------------------+------------------------+-----------------+--------------+
| Clock Enable | Synchronous Set/Reset | Asynchronous Set/Reset | Total Registers | Total Slices |
+--------------+-----------------------+------------------------+-----------------+--------------+
| No           | No                    | No                     |              26 |            9 |
| No           | No                    | Yes                    |               0 |            0 |
| No           | Yes                   | No                     |              27 |            8 |
| Yes          | No                    | No                     |               0 |            0 |
| Yes          | No                    | Yes                    |               0 |            0 |
| Yes          | Yes                   | No                     |              24 |            5 |
+--------------+-----------------------+------------------------+-----------------+--------------+


4. Detailed Control Set Information
-----------------------------------

+--------------------+--------------------------+----------------------------------------+------------------+----------------+--------------+
|    Clock Signal    |       Enable Signal      |            Set/Reset Signal            | Slice Load Count | Bel Load Count | Bels / Slice |
+--------------------+--------------------------+----------------------------------------+------------------+----------------+--------------+
|  sys_clk_IBUF_BUFG |                          | reset_inst/rst                         |                1 |              1 |         1.00 |
|  sys_clk_IBUF_BUFG | db_step_inst/sample_tick | reset_inst/rst                         |                1 |              8 |         8.00 |
|  sys_clk_IBUF_BUFG |                          | db_step_inst/sample_counter[9]_i_1_n_0 |                3 |             10 |         3.33 |
|  sys_clk_IBUF_BUFG | reset_inst/sel           | reset_inst/clear                       |                4 |             16 |         4.00 |
|  db_step_inst/clk  |                          | reset_inst/rst                         |                4 |             16 |         4.00 |
|  sys_clk_IBUF_BUFG |                          |                                        |                9 |             26 |         2.89 |
+--------------------+--------------------------+----------------------------------------+------------------+----------------+--------------+


